###############################################################################
#
# IAR ELF Linker V8.40.1.212/W32 for ARM                  02/Dec/2020  17:01:51
# Copyright 2007-2019 IAR Systems AB.
#
#    Output file  =
#        C:\UW_Workspace\embsys310\assignment07\cmsisled1\Debug\Exe\blinkled1.out
#    Map file     =
#        C:\UW_Workspace\embsys310\assignment07\cmsisled1\Debug\List\blinkled1.map
#    Command line =
#        -f C:\Users\CHI\AppData\Local\Temp\EW3BAD.tmp
#        (C:\UW_Workspace\embsys310\assignment07\cmsisled1\Debug\Obj\main.o
#        C:\UW_Workspace\embsys310\assignment07\cmsisled1\Debug\Obj\startup_stm32l475xx.o
#        --no_out_extension -o
#        C:\UW_Workspace\embsys310\assignment07\cmsisled1\Debug\Exe\blinkled1.out
#        --redirect _Printf=_PrintfFullNoMb --redirect _Scanf=_ScanfFullNoMb
#        --map
#        C:\UW_Workspace\embsys310\assignment07\cmsisled1\Debug\List\blinkled1.map
#        --config
#        C:\UW_Workspace\embsys310\assignment07\cmsisled1\blinkled1.icf
#        --semihosting --entry __iar_program_start --vfe --text_out locale)
#
###############################################################################

*******************************************************************************
*** RUNTIME MODEL ATTRIBUTES
***

CppFlavor       = *
__SystemLibrary = DLib
__dlib_version  = 6


*******************************************************************************
*** HEAP SELECTION
***

The basic heap was selected because some modules are built with
size limitations (and not runtime checking), and --advanced_heap
was not specified.


*******************************************************************************
*** PLACEMENT SUMMARY
***

"A0":  place at address 0x800'0000 { ro section .intvec };
"P1":  place in [from 0x0 to 0x0] |
                [from 0x800'0000 to 0x80f'ffff] { ro };
define block CSTACK with size = 2K, alignment = 8 { };
define block PROC_STACK with size = 0, alignment = 8 { };
define block HEAP with size = 8K, alignment = 8 { };
"P3":  place in [from 0x2000'0000 to 0x2001'7fff] {
          rw, block CSTACK, block PROC_STACK, block HEAP };

No sections matched the following patterns:

  ro section application_specific_ro  in "P2|P5"
  rw section application_specific_rw  in "P2|P5"
  section .textrw                     in "P4"


  Section          Kind         Address   Size  Object
  -------          ----         -------   ----  ------
"A0":                                     0x40
  .intvec          const     0x800'0000   0x40  startup_stm32l475xx.o [1]
                           - 0x800'0040   0x40

"P1":                                    0x194
  .text            ro code   0x800'0040   0xa4  main.o [1]
  .text            ro code   0x800'00e4   0x3a  zero_init3.o [3]
  .text            ro code   0x800'011e   0x2a  startup_stm32l475xx.o [1]
  .text            ro code   0x800'0148   0x28  data_init.o [3]
  .iar.init_table  const     0x800'0170   0x10  - Linker created -
  .text            ro code   0x800'0180   0x1e  cmain.o [3]
  .text            ro code   0x800'019e    0x4  low_level_init.o [2]
  .text            ro code   0x800'01a2    0x4  exit.o [2]
  .text            ro code   0x800'01a8    0xa  cexit.o [3]
  .text            ro code   0x800'01b4   0x14  exit.o [4]
  .text            ro code   0x800'01c8    0xc  cstartup_M.o [3]
  .rodata          const     0x800'01d4    0x0  zero_init3.o [3]
                           - 0x800'01d4  0x194

"P3", part 1 of 2:                         0x4
  .bss             zero     0x2000'0000    0x4  main.o [1]
                          - 0x2000'0004    0x4

"P3", part 2 of 2:                       0x800
  CSTACK                    0x2000'0008  0x800  <Block>
    CSTACK         uninit   0x2000'0008  0x800  <Block tail>
                          - 0x2000'0808  0x800

Unused ranges:

         From           To      Size
         ----           --      ----
          0x0          0x0       0x1
   0x800'01d4   0x80f'ffff  0xf'fe2c
  0x2000'0004  0x2000'0007       0x4
  0x2000'0808  0x2001'7fff  0x1'77f8


*******************************************************************************
*** INIT TABLE
***

          Address      Size
          -------      ----
Zero (__iar_zero_init3)
    1 destination range, total size 0x4:
          0x2000'0000   0x4



*******************************************************************************
*** MODULE SUMMARY
***

    Module                 ro code  ro data  rw data
    ------                 -------  -------  -------
command line/config:
    ------------------------------------------------
    Total:

C:\UW_Workspace\embsys310\assignment07\cmsisled1\Debug\Obj: [1]
    main.o                     164                 4
    startup_stm32l475xx.o       42       64
    ------------------------------------------------
    Total:                     206       64        4

dl7M_tln.a: [2]
    exit.o                       4
    low_level_init.o             4
    ------------------------------------------------
    Total:                       8

rt7M_tl.a: [3]
    cexit.o                     10
    cmain.o                     30
    cstartup_M.o                12
    data_init.o                 40
    zero_init3.o                58
    ------------------------------------------------
    Total:                     150

shb_l.a: [4]
    exit.o                      20
    ------------------------------------------------
    Total:                      20

    Gaps                         4
    Linker created                       16    2'048
----------------------------------------------------
    Grand Total:               388       80    2'052


*******************************************************************************
*** ENTRY LIST
***

Entry                       Address  Size  Type      Object
-----                       -------  ----  ----      ------
.iar.init_table$$Base    0x800'0170         --   Gb  - Linker created -
.iar.init_table$$Limit   0x800'0180         --   Gb  - Linker created -
?main                    0x800'0181        Code  Gb  cmain.o [3]
BusFault_Handler         0x800'0139   0x8  Code  Gb  startup_stm32l475xx.o [1]
CSTACK$$Base            0x2000'0008         --   Gb  - Linker created -
CSTACK$$Limit           0x2000'0808         --   Gb  - Linker created -
HardFault_Handler        0x800'0129   0x8  Code  Gb  startup_stm32l475xx.o [1]
MemManage_Handler        0x800'0131   0x8  Code  Gb  startup_stm32l475xx.o [1]
NMI_Handler              0x800'0121   0x8  Code  Gb  startup_stm32l475xx.o [1]
NotUsedHandler           0x800'011f   0x2  Code  Gb  startup_stm32l475xx.o [1]
Region$$Table$$Base      0x800'0170         --   Gb  - Linker created -
Region$$Table$$Limit     0x800'0180         --   Gb  - Linker created -
SysTickInitialize        0x800'00b5  0x16  Code  Gb  main.o [1]
SysTick_Handler          0x800'00a1  0x14  Code  Gb  main.o [1]
UsageFault_Handler       0x800'0141   0x8  Code  Gb  startup_stm32l475xx.o [1]
__cmain                  0x800'0181        Code  Gb  cmain.o [3]
__exit                   0x800'01b5  0x14  Code  Gb  exit.o [4]
__iar_data_init3         0x800'0149  0x28  Code  Gb  data_init.o [3]
__iar_program_start      0x800'01c9        Code  Gb  cstartup_M.o [3]
__iar_zero_init3         0x800'00e5  0x3a  Code  Gb  zero_init3.o [3]
__low_level_init         0x800'019f   0x4  Code  Gb  low_level_init.o [2]
__vector_table           0x800'0000  0x40  Data  Gb  startup_stm32l475xx.o [1]
_call_main               0x800'018d        Code  Gb  cmain.o [3]
_exit                    0x800'01a9        Code  Gb  cexit.o [3]
_main                    0x800'019b        Code  Gb  cmain.o [3]
exit                     0x800'01a3   0x4  Code  Gb  exit.o [2]
g_uiMillisecondsCountDown
                        0x2000'0000   0x4  Data  Gb  main.o [1]
main                     0x800'004d  0x54  Code  Gb  main.o [1]
vDelay                   0x800'0041   0xc  Code  Gb  main.o [1]


[1] = C:\UW_Workspace\embsys310\assignment07\cmsisled1\Debug\Obj
[2] = dl7M_tln.a
[3] = rt7M_tl.a
[4] = shb_l.a

    388 bytes of readonly  code memory
     80 bytes of readonly  data memory
  2'052 bytes of readwrite data memory

Errors: none
Warnings: none
